Initializing GameState (4x4, Medium)...
Solver Strategy: AdvancedDPSolver
Generating Solution...
Starting D&C Solve...
Solving Q1: rows 0-2, cols 0-2
  > Found 144 valid region states.
Solving Q2: rows 0-2, cols 2-4
  > Found 44 valid region states.
Solving Q3: rows 2-4, cols 0-2
  > Found 140 valid region states.
Solving Q4: rows 2-4, cols 2-4
  > Found 3 valid region states.
Merged Top Half: 880 states.
Merged Bottom Half: 66 states.
Merged Full Grid: 5456 states.
Candidate Analysis (5456 total):
  Loop Counts: {0: 5248, 1: 208}
  Rejected due to Open Ends (with loops=1): 208
No valid global solutions found.
FAIL: No solution found.
Clues: {(0, 1): 1, (1, 1): 2, (1, 2): 1, (1, 3): 0, (2, 0): 1, (2, 1): 1, (2, 2): 2, (2, 3): 0, (3, 2): 3, (3, 3): 1}
