Initializing GameState (4x4, Medium)...
Solver Strategy: AdvancedDPSolver
Generating Solution...
Starting D&C Solve...
Solving Q1: rows 0-2, cols 0-2
  > Found 8 valid region states.
Solving Q2: rows 0-2, cols 2-4
  > Found 22 valid region states.
Solving Q3: rows 2-4, cols 0-2
  > Found 452 valid region states.
Solving Q4: rows 2-4, cols 2-4
  > Found 58 valid region states.
Merged Top Half: 40 states.
Merged Bottom Half: 8634 states.
Merged Full Grid: 21087 states.
No valid global solutions found.
FAIL: No solution found.
Clues: {(0, 0): 0, (0, 1): 0, (0, 3): 3, (1, 1): 1, (1, 2): 2, (1, 3): 1, (2, 2): 1, (2, 3): 2, (3, 1): 2, (3, 2): 2}
